<?xml version="1.0" encoding="UTF-8"?>
<testng-results ignored="0" total="7" passed="7" failed="0" skipped="0">
  <reporter-output>
  </reporter-output>
  <suite started-at="2023-03-29T15:01:32 IST" name="Gradle suite" finished-at="2023-03-29T15:04:07 IST" duration-ms="155183">
    <groups>
      <group name="API TESTING">
        <method signature="testCase_API_01.TestCase01()[pri:1, instance:qtriptest.APITests.testCase_API_01@51c668e3]" name="TestCase01" class="qtriptest.APITests.testCase_API_01"/>
        <method signature="testCase_API_02.TestCase02()[pri:2, instance:qtriptest.APITests.testCase_API_02@537f60bf]" name="TestCase02" class="qtriptest.APITests.testCase_API_02"/>
        <method signature="testCase_API_03.TestCase03()[pri:3, instance:qtriptest.APITests.testCase_API_03@5677323c]" name="TestCase03" class="qtriptest.APITests.testCase_API_03"/>
        <method signature="testCase_API_04.Testcase04()[pri:4, instance:qtriptest.APITests.testCase_API_04@18df8434]" name="Testcase04" class="qtriptest.APITests.testCase_API_04"/>
      </group> <!-- API TESTING -->
      <group name="Login Flow">
        <method signature="testCase_01.TestCase01(java.lang.String,java.lang.String)[pri:0, instance:qtriptest.tests.testCase_01@2034b64c]" name="TestCase01" class="qtriptest.tests.testCase_01"/>
      </group> <!-- Login Flow -->
    </groups>
    <test started-at="2023-03-29T15:01:32 IST" name="Gradle test" finished-at="2023-03-29T15:04:07 IST" duration-ms="155183">
      <class name="qtriptest.APITests.testCase_API_01">
        <test-method signature="TestCase01()[pri:1, instance:qtriptest.APITests.testCase_API_01@51c668e3]" started-at="2023-03-29T15:03:49 IST" name="TestCase01" finished-at="2023-03-29T15:03:56 IST" duration-ms="7148" status="PASS">
          <reporter-output>
          </reporter-output>
        </test-method> <!-- TestCase01 -->
      </class> <!-- qtriptest.APITests.testCase_API_01 -->
      <class name="qtriptest.APITests.testCase_API_02">
        <test-method signature="TestCase02()[pri:2, instance:qtriptest.APITests.testCase_API_02@537f60bf]" started-at="2023-03-29T15:03:56 IST" name="TestCase02" finished-at="2023-03-29T15:03:58 IST" duration-ms="2737" status="PASS">
          <reporter-output>
          </reporter-output>
        </test-method> <!-- TestCase02 -->
      </class> <!-- qtriptest.APITests.testCase_API_02 -->
      <class name="qtriptest.APITests.testCase_API_03">
        <test-method signature="TestCase03()[pri:3, instance:qtriptest.APITests.testCase_API_03@5677323c]" started-at="2023-03-29T15:03:58 IST" name="TestCase03" finished-at="2023-03-29T15:04:04 IST" duration-ms="5723" status="PASS">
          <reporter-output>
          </reporter-output>
        </test-method> <!-- TestCase03 -->
      </class> <!-- qtriptest.APITests.testCase_API_03 -->
      <class name="qtriptest.APITests.testCase_API_04">
        <test-method signature="Testcase04()[pri:4, instance:qtriptest.APITests.testCase_API_04@18df8434]" started-at="2023-03-29T15:04:04 IST" name="Testcase04" finished-at="2023-03-29T15:04:07 IST" duration-ms="2758" status="PASS">
          <reporter-output>
          </reporter-output>
        </test-method> <!-- Testcase04 -->
      </class> <!-- qtriptest.APITests.testCase_API_04 -->
      <class name="qtriptest.tests.testCase_01">
        <test-method is-config="true" signature="createDriver()[pri:0, instance:qtriptest.tests.testCase_01@2034b64c]" started-at="2023-03-29T15:01:32 IST" name="createDriver" finished-at="2023-03-29T15:01:37 IST" duration-ms="5016" status="PASS">
          <reporter-output>
          </reporter-output>
        </test-method> <!-- createDriver -->
        <test-method signature="TestCase01(java.lang.String,java.lang.String)[pri:0, instance:qtriptest.tests.testCase_01@2034b64c]" started-at="2023-03-29T15:01:38 IST" name="TestCase01" description="Verify user registration - login - logout" data-provider="data-provider" finished-at="2023-03-29T15:02:23 IST" duration-ms="44301" status="PASS">
          <params>
            <param index="0">
              <value>
                <![CDATA[testuser@gmail.com]]>
              </value>
            </param>
            <param index="1">
              <value>
                <![CDATA[abc@123]]>
              </value>
            </param>
          </params>
          <reporter-output>
          </reporter-output>
        </test-method> <!-- TestCase01 -->
        <test-method signature="TestCase01(java.lang.String,java.lang.String)[pri:0, instance:qtriptest.tests.testCase_01@2034b64c]" started-at="2023-03-29T15:02:23 IST" name="TestCase01" description="Verify user registration - login - logout" data-provider="data-provider" finished-at="2023-03-29T15:03:06 IST" duration-ms="43449" status="PASS">
          <params>
            <param index="0">
              <value>
                <![CDATA[TESTUSER@gmail.com]]>
              </value>
            </param>
            <param index="1">
              <value>
                <![CDATA[123456.0]]>
              </value>
            </param>
          </params>
          <reporter-output>
          </reporter-output>
        </test-method> <!-- TestCase01 -->
        <test-method signature="TestCase01(java.lang.String,java.lang.String)[pri:0, instance:qtriptest.tests.testCase_01@2034b64c]" started-at="2023-03-29T15:03:06 IST" name="TestCase01" description="Verify user registration - login - logout" data-provider="data-provider" finished-at="2023-03-29T15:03:49 IST" duration-ms="42575" status="PASS">
          <params>
            <param index="0">
              <value>
                <![CDATA[123_USER_low@gmail.com]]>
              </value>
            </param>
            <param index="1">
              <value>
                <![CDATA[QWERTY!!!!]]>
              </value>
            </param>
          </params>
          <reporter-output>
          </reporter-output>
        </test-method> <!-- TestCase01 -->
        <test-method is-config="true" signature="quitDriver()[pri:0, instance:qtriptest.tests.testCase_01@2034b64c]" started-at="2023-03-29T15:04:07 IST" name="quitDriver" finished-at="2023-03-29T15:04:07 IST" duration-ms="120" status="PASS">
          <reporter-output>
          </reporter-output>
        </test-method> <!-- quitDriver -->
      </class> <!-- qtriptest.tests.testCase_01 -->
    </test> <!-- Gradle test -->
  </suite> <!-- Gradle suite -->
</testng-results>
